// Jest Snapshot v1, https://goo.gl/fbAQLP

exports[`PageLayout component renders correct structure 1`] = `
<div>
  <header
    class="wrapper header"
  >
    <nav
      class="navigation"
    >
      <a
        class="link"
        href="/"
        title="News"
      >
        <img
          alt="News logo"
          class="logo"
          src="logo.svg"
        />
      </a>
    </nav>
  </header>
  <div
    class="wrapper"
  >
    <main
      class="content"
    >
      test
    </main>
    <aside
      class="wrapper aside"
    >
      <h3
        class="title heading h3"
      >
        <img
          alt="Icon"
          class="icon icon"
          src="fire.svg"
        />
        <a
          class="title"
          href="#hot-news"
          title="See all hot news"
        >
          Hot News
        </a>
        <img
          alt="Icon"
          class="icon icon"
          src="fire.svg"
        />
      </h3>
      <div
        class="wrapper loader"
        data-testid="loader"
      >
        <div
          class="loader loader"
        />
      </div>
      <button
        class="refresh"
        disabled=""
        title="Refresh hot news"
      >
        Refresh
        <img
          alt="Icon"
          class="icon refreshIcon refreshLoad"
          src="refresh.svg"
        />
      </button>
    </aside>
  </div>
</div>
`;
